  Determining projects to restore...
  All projects are up-to-date for restore.
D:\mess_management\Controllers\AccountController.cs(22,42): warning CS8632: The annotation for nullable reference types should only be used in code within a '#nullable' annotations context. [D:\mess_management\mess_management.csproj]
D:\mess_management\Controllers\AccountController.cs(31,76): warning CS8632: The annotation for nullable reference types should only be used in code within a '#nullable' annotations context. [D:\mess_management\mess_management.csproj]
D:\mess_management\Services\JwtTokenService.cs(15,24): warning CS8632: The annotation for nullable reference types should only be used in code within a '#nullable' annotations context. [D:\mess_management\mess_management.csproj]
D:\mess_management\Services\JwtTokenService.cs(70,31): warning CS8632: The annotation for nullable reference types should only be used in code within a '#nullable' annotations context. [D:\mess_management\mess_management.csproj]
D:\mess_management\Models\AspNetUser.cs(12,18): warning CS8632: The annotation for nullable reference types should only be used in code within a '#nullable' annotations context. [D:\mess_management\mess_management.csproj]
D:\mess_management\Models\AspNetUser.cs(15,18): warning CS8632: The annotation for nullable reference types should only be used in code within a '#nullable' annotations context. [D:\mess_management\mess_management.csproj]
D:\mess_management\Models\AspNetUser.cs(19,18): warning CS8632: The annotation for nullable reference types should only be used in code within a '#nullable' annotations context. [D:\mess_management\mess_management.csproj]
D:\mess_management\Models\Bill.cs(12,18): warning CS8632: The annotation for nullable reference types should only be used in code within a '#nullable' annotations context. [D:\mess_management\mess_management.csproj]
D:\mess_management\Models\Bill.cs(23,18): warning CS8632: The annotation for nullable reference types should only be used in code within a '#nullable' annotations context. [D:\mess_management\mess_management.csproj]
D:\mess_management\Models\Bill.cs(31,30): warning CS8632: The annotation for nullable reference types should only be used in code within a '#nullable' annotations context. [D:\mess_management\mess_management.csproj]
D:\mess_management\Models\MealToggleRequest.cs(5,22): warning CS8632: The annotation for nullable reference types should only be used in code within a '#nullable' annotations context. [D:\mess_management\mess_management.csproj]
D:\mess_management\Models\MonthlyBill.cs(10,18): warning CS8632: The annotation for nullable reference types should only be used in code within a '#nullable' annotations context. [D:\mess_management\mess_management.csproj]
D:\mess_management\Models\MonthlyBill.cs(28,18): warning CS8632: The annotation for nullable reference types should only be used in code within a '#nullable' annotations context. [D:\mess_management\mess_management.csproj]
D:\mess_management\Models\MonthlyBill.cs(34,18): warning CS8632: The annotation for nullable reference types should only be used in code within a '#nullable' annotations context. [D:\mess_management\mess_management.csproj]
D:\mess_management\Models\MonthlyBill.cs(36,30): warning CS8632: The annotation for nullable reference types should only be used in code within a '#nullable' annotations context. [D:\mess_management\mess_management.csproj]
D:\mess_management\Models\BillLine.cs(15,18): warning CS8632: The annotation for nullable reference types should only be used in code within a '#nullable' annotations context. [D:\mess_management\mess_management.csproj]
D:\mess_management\Models\BillLine.cs(21,24): warning CS8632: The annotation for nullable reference types should only be used in code within a '#nullable' annotations context. [D:\mess_management\mess_management.csproj]
D:\mess_management\Models\BillLine.cs(22,33): warning CS8632: The annotation for nullable reference types should only be used in code within a '#nullable' annotations context. [D:\mess_management\mess_management.csproj]
D:\mess_management\Models\Payment.cs(13,18): warning CS8632: The annotation for nullable reference types should only be used in code within a '#nullable' annotations context. [D:\mess_management\mess_management.csproj]
D:\mess_management\Models\Payment.cs(14,18): warning CS8632: The annotation for nullable reference types should only be used in code within a '#nullable' annotations context. [D:\mess_management\mess_management.csproj]
D:\mess_management\Models\ErrorViewModel.cs(5,22): warning CS8632: The annotation for nullable reference types should only be used in code within a '#nullable' annotations context. [D:\mess_management\mess_management.csproj]
D:\mess_management\Models\Payment.cs(17,24): warning CS8632: The annotation for nullable reference types should only be used in code within a '#nullable' annotations context. [D:\mess_management\mess_management.csproj]
D:\mess_management\Models\Setting.cs(9,18): warning CS8632: The annotation for nullable reference types should only be used in code within a '#nullable' annotations context. [D:\mess_management\mess_management.csproj]
D:\mess_management\Models\RefreshToken.cs(28,26): warning CS8632: The annotation for nullable reference types should only be used in code within a '#nullable' annotations context. [D:\mess_management\mess_management.csproj]
D:\mess_management\Models\TeacherAttendance.cs(10,18): warning CS8632: The annotation for nullable reference types should only be used in code within a '#nullable' annotations context. [D:\mess_management\mess_management.csproj]
D:\mess_management\Models\TeacherAttendance.cs(18,18): warning CS8632: The annotation for nullable reference types should only be used in code within a '#nullable' annotations context. [D:\mess_management\mess_management.csproj]
D:\mess_management\Models\TeacherAttendance.cs(21,18): warning CS8632: The annotation for nullable reference types should only be used in code within a '#nullable' annotations context. [D:\mess_management\mess_management.csproj]
D:\mess_management\Models\TeacherAttendance.cs(25,18): warning CS8632: The annotation for nullable reference types should only be used in code within a '#nullable' annotations context. [D:\mess_management\mess_management.csproj]
D:\mess_management\Models\TeacherAttendance.cs(26,18): warning CS8632: The annotation for nullable reference types should only be used in code within a '#nullable' annotations context. [D:\mess_management\mess_management.csproj]
D:\mess_management\Models\TeacherAttendance.cs(28,30): warning CS8632: The annotation for nullable reference types should only be used in code within a '#nullable' annotations context. [D:\mess_management\mess_management.csproj]
D:\mess_management\Models\ReviewRequest.cs(12,18): warning CS8632: The annotation for nullable reference types should only be used in code within a '#nullable' annotations context. [D:\mess_management\mess_management.csproj]
D:\mess_management\Models\ReviewRequest.cs(13,18): warning CS8632: The annotation for nullable reference types should only be used in code within a '#nullable' annotations context. [D:\mess_management\mess_management.csproj]
D:\mess_management\Models\ReviewRequest.cs(14,18): warning CS8632: The annotation for nullable reference types should only be used in code within a '#nullable' annotations context. [D:\mess_management\mess_management.csproj]
D:\mess_management\Models\ReviewRequest.cs(17,28): warning CS8632: The annotation for nullable reference types should only be used in code within a '#nullable' annotations context. [D:\mess_management\mess_management.csproj]
D:\mess_management\Models\TeacherViewModels.cs(10,26): warning CS8632: The annotation for nullable reference types should only be used in code within a '#nullable' annotations context. [D:\mess_management\mess_management.csproj]
D:\mess_management\Models\WeeklyMenu.cs(18,18): warning CS8632: The annotation for nullable reference types should only be used in code within a '#nullable' annotations context. [D:\mess_management\mess_management.csproj]
D:\mess_management\Models\WeeklyMenu.cs(22,30): warning CS8632: The annotation for nullable reference types should only be used in code within a '#nullable' annotations context. [D:\mess_management\mess_management.csproj]
D:\mess_management\Models\WeeklyPlan.cs(14,18): warning CS8632: The annotation for nullable reference types should only be used in code within a '#nullable' annotations context. [D:\mess_management\mess_management.csproj]
D:\mess_management\Models\WeeklyPlan.cs(19,30): warning CS8632: The annotation for nullable reference types should only be used in code within a '#nullable' annotations context. [D:\mess_management\mess_management.csproj]
D:\mess_management\Models\WeeklyPlanDay.cs(25,30): warning CS8632: The annotation for nullable reference types should only be used in code within a '#nullable' annotations context. [D:\mess_management\mess_management.csproj]
D:\mess_management\Controllers\HealthController.cs(73,77): error CS0266: Cannot implicitly convert type 'bool?' to 'bool'. An explicit conversion exists (are you missing a cast?) [D:\mess_management\mess_management.csproj]
D:\mess_management\Controllers\HealthController.cs(73,77): error CS1662: Cannot convert lambda expression to intended delegate type because some of the return types in the block are not implicitly convertible to the delegate return type [D:\mess_management\mess_management.csproj]
D:\mess_management\Migrations\AppDbContextModelSnapshot.cs(23,13): error CS0103: The name 'SqlServerModelBuilderExtensions' does not exist in the current context [D:\mess_management\mess_management.csproj]
D:\mess_management\Migrations\AppDbContextModelSnapshot.cs(69,21): error CS0103: The name 'SqlServerPropertyBuilderExtensions' does not exist in the current context [D:\mess_management\mess_management.csproj]
D:\mess_management\Migrations\AppDbContextModelSnapshot.cs(124,21): error CS0103: The name 'SqlServerPropertyBuilderExtensions' does not exist in the current context [D:\mess_management\mess_management.csproj]
D:\mess_management\Migrations\AppDbContextModelSnapshot.cs(159,21): error CS0103: The name 'SqlServerPropertyBuilderExtensions' does not exist in the current context [D:\mess_management\mess_management.csproj]
D:\mess_management\Migrations\AppDbContextModelSnapshot.cs(221,21): error CS0103: The name 'SqlServerPropertyBuilderExtensions' does not exist in the current context [D:\mess_management\mess_management.csproj]
D:\mess_management\Migrations\AppDbContextModelSnapshot.cs(252,21): error CS0103: The name 'SqlServerPropertyBuilderExtensions' does not exist in the current context [D:\mess_management\mess_management.csproj]
D:\mess_management\Migrations\AppDbContextModelSnapshot.cs(292,21): error CS0103: The name 'SqlServerPropertyBuilderExtensions' does not exist in the current context [D:\mess_management\mess_management.csproj]
D:\mess_management\Migrations\AppDbContextModelSnapshot.cs(337,21): error CS0103: The name 'SqlServerPropertyBuilderExtensions' does not exist in the current context [D:\mess_management\mess_management.csproj]
D:\mess_management\Migrations\AppDbContextModelSnapshot.cs(398,21): error CS0103: The name 'SqlServerPropertyBuilderExtensions' does not exist in the current context [D:\mess_management\mess_management.csproj]
D:\mess_management\Migrations\AppDbContextModelSnapshot.cs(438,21): error CS0103: The name 'SqlServerPropertyBuilderExtensions' does not exist in the current context [D:\mess_management\mess_management.csproj]
D:\mess_management\Migrations\AppDbContextModelSnapshot.cs(464,21): error CS0103: The name 'SqlServerPropertyBuilderExtensions' does not exist in the current context [D:\mess_management\mess_management.csproj]
D:\mess_management\Migrations\20251219130141_AddUserFields.Designer.cs(26,13): error CS0103: The name 'SqlServerModelBuilderExtensions' does not exist in the current context [D:\mess_management\mess_management.csproj]
D:\mess_management\Migrations\20251219130141_AddUserFields.Designer.cs(73,21): error CS0103: The name 'SqlServerPropertyBuilderExtensions' does not exist in the current context [D:\mess_management\mess_management.csproj]
D:\mess_management\Migrations\20251219130141_AddUserFields.Designer.cs(136,21): error CS0103: The name 'SqlServerPropertyBuilderExtensions' does not exist in the current context [D:\mess_management\mess_management.csproj]
D:\mess_management\Migrations\20251219130141_AddUserFields.Designer.cs(187,21): error CS0103: The name 'SqlServerPropertyBuilderExtensions' does not exist in the current context [D:\mess_management\mess_management.csproj]
D:\mess_management\Controllers\BillingController.cs(75,34): warning CS8632: The annotation for nullable reference types should only be used in code within a '#nullable' annotations context. [D:\mess_management\mess_management.csproj]
D:\mess_management\Migrations\20251231174407_AddRefreshTokens.Designer.cs(26,13): error CS0103: The name 'SqlServerModelBuilderExtensions' does not exist in the current context [D:\mess_management\mess_management.csproj]
D:\mess_management\Migrations\20251231174407_AddRefreshTokens.Designer.cs(72,21): error CS0103: The name 'SqlServerPropertyBuilderExtensions' does not exist in the current context [D:\mess_management\mess_management.csproj]
D:\mess_management\Migrations\20251231174407_AddRefreshTokens.Designer.cs(127,21): error CS0103: The name 'SqlServerPropertyBuilderExtensions' does not exist in the current context [D:\mess_management\mess_management.csproj]
D:\mess_management\Migrations\20251231174407_AddRefreshTokens.Designer.cs(162,21): error CS0103: The name 'SqlServerPropertyBuilderExtensions' does not exist in the current context [D:\mess_management\mess_management.csproj]
D:\mess_management\Migrations\20251231174407_AddRefreshTokens.Designer.cs(224,21): error CS0103: The name 'SqlServerPropertyBuilderExtensions' does not exist in the current context [D:\mess_management\mess_management.csproj]
D:\mess_management\Migrations\20251231174407_AddRefreshTokens.Designer.cs(255,21): error CS0103: The name 'SqlServerPropertyBuilderExtensions' does not exist in the current context [D:\mess_management\mess_management.csproj]
D:\mess_management\Migrations\20251231174407_AddRefreshTokens.Designer.cs(295,21): error CS0103: The name 'SqlServerPropertyBuilderExtensions' does not exist in the current context [D:\mess_management\mess_management.csproj]
D:\mess_management\Migrations\20251231174407_AddRefreshTokens.Designer.cs(340,21): error CS0103: The name 'SqlServerPropertyBuilderExtensions' does not exist in the current context [D:\mess_management\mess_management.csproj]
D:\mess_management\Migrations\20251231174407_AddRefreshTokens.Designer.cs(401,21): error CS0103: The name 'SqlServerPropertyBuilderExtensions' does not exist in the current context [D:\mess_management\mess_management.csproj]
D:\mess_management\Migrations\20251231174407_AddRefreshTokens.Designer.cs(441,21): error CS0103: The name 'SqlServerPropertyBuilderExtensions' does not exist in the current context [D:\mess_management\mess_management.csproj]
D:\mess_management\Migrations\20251231174407_AddRefreshTokens.Designer.cs(467,21): error CS0103: The name 'SqlServerPropertyBuilderExtensions' does not exist in the current context [D:\mess_management\mess_management.csproj]
D:\mess_management\Migrations\20251219161747_AddBillingAndPlans.Designer.cs(26,13): error CS0103: The name 'SqlServerModelBuilderExtensions' does not exist in the current context [D:\mess_management\mess_management.csproj]
D:\mess_management\Migrations\20251219161747_AddBillingAndPlans.Designer.cs(72,21): error CS0103: The name 'SqlServerPropertyBuilderExtensions' does not exist in the current context [D:\mess_management\mess_management.csproj]
D:\mess_management\Migrations\20251219161747_AddBillingAndPlans.Designer.cs(122,21): error CS0103: The name 'SqlServerPropertyBuilderExtensions' does not exist in the current context [D:\mess_management\mess_management.csproj]
D:\mess_management\Migrations\20251219161747_AddBillingAndPlans.Designer.cs(156,21): error CS0103: The name 'SqlServerPropertyBuilderExtensions' does not exist in the current context [D:\mess_management\mess_management.csproj]
D:\mess_management\Migrations\20251219161747_AddBillingAndPlans.Designer.cs(218,21): error CS0103: The name 'SqlServerPropertyBuilderExtensions' does not exist in the current context [D:\mess_management\mess_management.csproj]
D:\mess_management\Migrations\20251219161747_AddBillingAndPlans.Designer.cs(248,21): error CS0103: The name 'SqlServerPropertyBuilderExtensions' does not exist in the current context [D:\mess_management\mess_management.csproj]
D:\mess_management\Migrations\20251219161747_AddBillingAndPlans.Designer.cs(293,21): error CS0103: The name 'SqlServerPropertyBuilderExtensions' does not exist in the current context [D:\mess_management\mess_management.csproj]
D:\mess_management\Migrations\20251219161747_AddBillingAndPlans.Designer.cs(344,21): error CS0103: The name 'SqlServerPropertyBuilderExtensions' does not exist in the current context [D:\mess_management\mess_management.csproj]
D:\mess_management\Migrations\20251219161747_AddBillingAndPlans.Designer.cs(381,21): error CS0103: The name 'SqlServerPropertyBuilderExtensions' does not exist in the current context [D:\mess_management\mess_management.csproj]
D:\mess_management\Migrations\20251219161747_AddBillingAndPlans.Designer.cs(407,21): error CS0103: The name 'SqlServerPropertyBuilderExtensions' does not exist in the current context [D:\mess_management\mess_management.csproj]
D:\mess_management\Migrations\20251219170834_AddMealNamesToWeeklyPlanDay.Designer.cs(26,13): error CS0103: The name 'SqlServerModelBuilderExtensions' does not exist in the current context [D:\mess_management\mess_management.csproj]
D:\mess_management\Migrations\20251219170834_AddMealNamesToWeeklyPlanDay.Designer.cs(72,21): error CS0103: The name 'SqlServerPropertyBuilderExtensions' does not exist in the current context [D:\mess_management\mess_management.csproj]
D:\mess_management\Migrations\20251219170834_AddMealNamesToWeeklyPlanDay.Designer.cs(127,21): error CS0103: The name 'SqlServerPropertyBuilderExtensions' does not exist in the current context [D:\mess_management\mess_management.csproj]
D:\mess_management\Migrations\20251219170834_AddMealNamesToWeeklyPlanDay.Designer.cs(162,21): error CS0103: The name 'SqlServerPropertyBuilderExtensions' does not exist in the current context [D:\mess_management\mess_management.csproj]
D:\mess_management\Migrations\20251219170834_AddMealNamesToWeeklyPlanDay.Designer.cs(224,21): error CS0103: The name 'SqlServerPropertyBuilderExtensions' does not exist in the current context [D:\mess_management\mess_management.csproj]
D:\mess_management\Migrations\20251219170834_AddMealNamesToWeeklyPlanDay.Designer.cs(255,21): error CS0103: The name 'SqlServerPropertyBuilderExtensions' does not exist in the current context [D:\mess_management\mess_management.csproj]
D:\mess_management\Migrations\20251219170834_AddMealNamesToWeeklyPlanDay.Designer.cs(300,21): error CS0103: The name 'SqlServerPropertyBuilderExtensions' does not exist in the current context [D:\mess_management\mess_management.csproj]
D:\mess_management\Migrations\20251219170834_AddMealNamesToWeeklyPlanDay.Designer.cs(351,21): error CS0103: The name 'SqlServerPropertyBuilderExtensions' does not exist in the current context [D:\mess_management\mess_management.csproj]
D:\mess_management\Migrations\20251219170834_AddMealNamesToWeeklyPlanDay.Designer.cs(391,21): error CS0103: The name 'SqlServerPropertyBuilderExtensions' does not exist in the current context [D:\mess_management\mess_management.csproj]
D:\mess_management\Migrations\20251219170834_AddMealNamesToWeeklyPlanDay.Designer.cs(417,21): error CS0103: The name 'SqlServerPropertyBuilderExtensions' does not exist in the current context [D:\mess_management\mess_management.csproj]
D:\mess_management\Migrations\20251226211522_AddDisputeFields.Designer.cs(26,13): error CS0103: The name 'SqlServerModelBuilderExtensions' does not exist in the current context [D:\mess_management\mess_management.csproj]
D:\mess_management\Migrations\20251226211522_AddDisputeFields.Designer.cs(72,21): error CS0103: The name 'SqlServerPropertyBuilderExtensions' does not exist in the current context [D:\mess_management\mess_management.csproj]
D:\mess_management\Migrations\20251226211522_AddDisputeFields.Designer.cs(127,21): error CS0103: The name 'SqlServerPropertyBuilderExtensions' does not exist in the current context [D:\mess_management\mess_management.csproj]
D:\mess_management\Migrations\20251226211522_AddDisputeFields.Designer.cs(162,21): error CS0103: The name 'SqlServerPropertyBuilderExtensions' does not exist in the current context [D:\mess_management\mess_management.csproj]
D:\mess_management\Migrations\20251226211522_AddDisputeFields.Designer.cs(224,21): error CS0103: The name 'SqlServerPropertyBuilderExtensions' does not exist in the current context [D:\mess_management\mess_management.csproj]
D:\mess_management\Migrations\20251226211522_AddDisputeFields.Designer.cs(255,21): error CS0103: The name 'SqlServerPropertyBuilderExtensions' does not exist in the current context [D:\mess_management\mess_management.csproj]
D:\mess_management\Migrations\20251226211522_AddDisputeFields.Designer.cs(300,21): error CS0103: The name 'SqlServerPropertyBuilderExtensions' does not exist in the current context [D:\mess_management\mess_management.csproj]
D:\mess_management\Migrations\20251226211522_AddDisputeFields.Designer.cs(361,21): error CS0103: The name 'SqlServerPropertyBuilderExtensions' does not exist in the current context [D:\mess_management\mess_management.csproj]
D:\mess_management\Migrations\20251226211522_AddDisputeFields.Designer.cs(401,21): error CS0103: The name 'SqlServerPropertyBuilderExtensions' does not exist in the current context [D:\mess_management\mess_management.csproj]
D:\mess_management\Migrations\20251226211522_AddDisputeFields.Designer.cs(427,21): error CS0103: The name 'SqlServerPropertyBuilderExtensions' does not exist in the current context [D:\mess_management\mess_management.csproj]

Build FAILED.

D:\mess_management\Controllers\AccountController.cs(22,42): warning CS8632: The annotation for nullable reference types should only be used in code within a '#nullable' annotations context. [D:\mess_management\mess_management.csproj]
D:\mess_management\Controllers\AccountController.cs(31,76): warning CS8632: The annotation for nullable reference types should only be used in code within a '#nullable' annotations context. [D:\mess_management\mess_management.csproj]
D:\mess_management\Services\JwtTokenService.cs(15,24): warning CS8632: The annotation for nullable reference types should only be used in code within a '#nullable' annotations context. [D:\mess_management\mess_management.csproj]
D:\mess_management\Services\JwtTokenService.cs(70,31): warning CS8632: The annotation for nullable reference types should only be used in code within a '#nullable' annotations context. [D:\mess_management\mess_management.csproj]
D:\mess_management\Models\AspNetUser.cs(12,18): warning CS8632: The annotation for nullable reference types should only be used in code within a '#nullable' annotations context. [D:\mess_management\mess_management.csproj]
D:\mess_management\Models\AspNetUser.cs(15,18): warning CS8632: The annotation for nullable reference types should only be used in code within a '#nullable' annotations context. [D:\mess_management\mess_management.csproj]
D:\mess_management\Models\AspNetUser.cs(19,18): warning CS8632: The annotation for nullable reference types should only be used in code within a '#nullable' annotations context. [D:\mess_management\mess_management.csproj]
D:\mess_management\Models\Bill.cs(12,18): warning CS8632: The annotation for nullable reference types should only be used in code within a '#nullable' annotations context. [D:\mess_management\mess_management.csproj]
D:\mess_management\Models\Bill.cs(23,18): warning CS8632: The annotation for nullable reference types should only be used in code within a '#nullable' annotations context. [D:\mess_management\mess_management.csproj]
D:\mess_management\Models\Bill.cs(31,30): warning CS8632: The annotation for nullable reference types should only be used in code within a '#nullable' annotations context. [D:\mess_management\mess_management.csproj]
D:\mess_management\Models\MealToggleRequest.cs(5,22): warning CS8632: The annotation for nullable reference types should only be used in code within a '#nullable' annotations context. [D:\mess_management\mess_management.csproj]
D:\mess_management\Models\MonthlyBill.cs(10,18): warning CS8632: The annotation for nullable reference types should only be used in code within a '#nullable' annotations context. [D:\mess_management\mess_management.csproj]
D:\mess_management\Models\MonthlyBill.cs(28,18): warning CS8632: The annotation for nullable reference types should only be used in code within a '#nullable' annotations context. [D:\mess_management\mess_management.csproj]
D:\mess_management\Models\MonthlyBill.cs(34,18): warning CS8632: The annotation for nullable reference types should only be used in code within a '#nullable' annotations context. [D:\mess_management\mess_management.csproj]
D:\mess_management\Models\MonthlyBill.cs(36,30): warning CS8632: The annotation for nullable reference types should only be used in code within a '#nullable' annotations context. [D:\mess_management\mess_management.csproj]
D:\mess_management\Models\BillLine.cs(15,18): warning CS8632: The annotation for nullable reference types should only be used in code within a '#nullable' annotations context. [D:\mess_management\mess_management.csproj]
D:\mess_management\Models\BillLine.cs(21,24): warning CS8632: The annotation for nullable reference types should only be used in code within a '#nullable' annotations context. [D:\mess_management\mess_management.csproj]
D:\mess_management\Models\BillLine.cs(22,33): warning CS8632: The annotation for nullable reference types should only be used in code within a '#nullable' annotations context. [D:\mess_management\mess_management.csproj]
D:\mess_management\Models\Payment.cs(13,18): warning CS8632: The annotation for nullable reference types should only be used in code within a '#nullable' annotations context. [D:\mess_management\mess_management.csproj]
D:\mess_management\Models\Payment.cs(14,18): warning CS8632: The annotation for nullable reference types should only be used in code within a '#nullable' annotations context. [D:\mess_management\mess_management.csproj]
D:\mess_management\Models\ErrorViewModel.cs(5,22): warning CS8632: The annotation for nullable reference types should only be used in code within a '#nullable' annotations context. [D:\mess_management\mess_management.csproj]
D:\mess_management\Models\Payment.cs(17,24): warning CS8632: The annotation for nullable reference types should only be used in code within a '#nullable' annotations context. [D:\mess_management\mess_management.csproj]
D:\mess_management\Models\Setting.cs(9,18): warning CS8632: The annotation for nullable reference types should only be used in code within a '#nullable' annotations context. [D:\mess_management\mess_management.csproj]
D:\mess_management\Models\RefreshToken.cs(28,26): warning CS8632: The annotation for nullable reference types should only be used in code within a '#nullable' annotations context. [D:\mess_management\mess_management.csproj]
D:\mess_management\Models\TeacherAttendance.cs(10,18): warning CS8632: The annotation for nullable reference types should only be used in code within a '#nullable' annotations context. [D:\mess_management\mess_management.csproj]
D:\mess_management\Models\TeacherAttendance.cs(18,18): warning CS8632: The annotation for nullable reference types should only be used in code within a '#nullable' annotations context. [D:\mess_management\mess_management.csproj]
D:\mess_management\Models\TeacherAttendance.cs(21,18): warning CS8632: The annotation for nullable reference types should only be used in code within a '#nullable' annotations context. [D:\mess_management\mess_management.csproj]
D:\mess_management\Models\TeacherAttendance.cs(25,18): warning CS8632: The annotation for nullable reference types should only be used in code within a '#nullable' annotations context. [D:\mess_management\mess_management.csproj]
D:\mess_management\Models\TeacherAttendance.cs(26,18): warning CS8632: The annotation for nullable reference types should only be used in code within a '#nullable' annotations context. [D:\mess_management\mess_management.csproj]
D:\mess_management\Models\TeacherAttendance.cs(28,30): warning CS8632: The annotation for nullable reference types should only be used in code within a '#nullable' annotations context. [D:\mess_management\mess_management.csproj]
D:\mess_management\Models\ReviewRequest.cs(12,18): warning CS8632: The annotation for nullable reference types should only be used in code within a '#nullable' annotations context. [D:\mess_management\mess_management.csproj]
D:\mess_management\Models\ReviewRequest.cs(13,18): warning CS8632: The annotation for nullable reference types should only be used in code within a '#nullable' annotations context. [D:\mess_management\mess_management.csproj]
D:\mess_management\Models\ReviewRequest.cs(14,18): warning CS8632: The annotation for nullable reference types should only be used in code within a '#nullable' annotations context. [D:\mess_management\mess_management.csproj]
D:\mess_management\Models\ReviewRequest.cs(17,28): warning CS8632: The annotation for nullable reference types should only be used in code within a '#nullable' annotations context. [D:\mess_management\mess_management.csproj]
D:\mess_management\Models\TeacherViewModels.cs(10,26): warning CS8632: The annotation for nullable reference types should only be used in code within a '#nullable' annotations context. [D:\mess_management\mess_management.csproj]
D:\mess_management\Models\WeeklyMenu.cs(18,18): warning CS8632: The annotation for nullable reference types should only be used in code within a '#nullable' annotations context. [D:\mess_management\mess_management.csproj]
D:\mess_management\Models\WeeklyMenu.cs(22,30): warning CS8632: The annotation for nullable reference types should only be used in code within a '#nullable' annotations context. [D:\mess_management\mess_management.csproj]
D:\mess_management\Models\WeeklyPlan.cs(14,18): warning CS8632: The annotation for nullable reference types should only be used in code within a '#nullable' annotations context. [D:\mess_management\mess_management.csproj]
D:\mess_management\Models\WeeklyPlan.cs(19,30): warning CS8632: The annotation for nullable reference types should only be used in code within a '#nullable' annotations context. [D:\mess_management\mess_management.csproj]
D:\mess_management\Models\WeeklyPlanDay.cs(25,30): warning CS8632: The annotation for nullable reference types should only be used in code within a '#nullable' annotations context. [D:\mess_management\mess_management.csproj]
D:\mess_management\Controllers\BillingController.cs(75,34): warning CS8632: The annotation for nullable reference types should only be used in code within a '#nullable' annotations context. [D:\mess_management\mess_management.csproj]
D:\mess_management\Controllers\HealthController.cs(73,77): error CS0266: Cannot implicitly convert type 'bool?' to 'bool'. An explicit conversion exists (are you missing a cast?) [D:\mess_management\mess_management.csproj]
D:\mess_management\Controllers\HealthController.cs(73,77): error CS1662: Cannot convert lambda expression to intended delegate type because some of the return types in the block are not implicitly convertible to the delegate return type [D:\mess_management\mess_management.csproj]
D:\mess_management\Migrations\AppDbContextModelSnapshot.cs(23,13): error CS0103: The name 'SqlServerModelBuilderExtensions' does not exist in the current context [D:\mess_management\mess_management.csproj]
D:\mess_management\Migrations\AppDbContextModelSnapshot.cs(69,21): error CS0103: The name 'SqlServerPropertyBuilderExtensions' does not exist in the current context [D:\mess_management\mess_management.csproj]
D:\mess_management\Migrations\AppDbContextModelSnapshot.cs(124,21): error CS0103: The name 'SqlServerPropertyBuilderExtensions' does not exist in the current context [D:\mess_management\mess_management.csproj]
D:\mess_management\Migrations\AppDbContextModelSnapshot.cs(159,21): error CS0103: The name 'SqlServerPropertyBuilderExtensions' does not exist in the current context [D:\mess_management\mess_management.csproj]
D:\mess_management\Migrations\AppDbContextModelSnapshot.cs(221,21): error CS0103: The name 'SqlServerPropertyBuilderExtensions' does not exist in the current context [D:\mess_management\mess_management.csproj]
D:\mess_management\Migrations\AppDbContextModelSnapshot.cs(252,21): error CS0103: The name 'SqlServerPropertyBuilderExtensions' does not exist in the current context [D:\mess_management\mess_management.csproj]
D:\mess_management\Migrations\AppDbContextModelSnapshot.cs(292,21): error CS0103: The name 'SqlServerPropertyBuilderExtensions' does not exist in the current context [D:\mess_management\mess_management.csproj]
D:\mess_management\Migrations\AppDbContextModelSnapshot.cs(337,21): error CS0103: The name 'SqlServerPropertyBuilderExtensions' does not exist in the current context [D:\mess_management\mess_management.csproj]
D:\mess_management\Migrations\AppDbContextModelSnapshot.cs(398,21): error CS0103: The name 'SqlServerPropertyBuilderExtensions' does not exist in the current context [D:\mess_management\mess_management.csproj]
D:\mess_management\Migrations\AppDbContextModelSnapshot.cs(438,21): error CS0103: The name 'SqlServerPropertyBuilderExtensions' does not exist in the current context [D:\mess_management\mess_management.csproj]
D:\mess_management\Migrations\AppDbContextModelSnapshot.cs(464,21): error CS0103: The name 'SqlServerPropertyBuilderExtensions' does not exist in the current context [D:\mess_management\mess_management.csproj]
D:\mess_management\Migrations\20251219130141_AddUserFields.Designer.cs(26,13): error CS0103: The name 'SqlServerModelBuilderExtensions' does not exist in the current context [D:\mess_management\mess_management.csproj]
D:\mess_management\Migrations\20251219130141_AddUserFields.Designer.cs(73,21): error CS0103: The name 'SqlServerPropertyBuilderExtensions' does not exist in the current context [D:\mess_management\mess_management.csproj]
D:\mess_management\Migrations\20251219130141_AddUserFields.Designer.cs(136,21): error CS0103: The name 'SqlServerPropertyBuilderExtensions' does not exist in the current context [D:\mess_management\mess_management.csproj]
D:\mess_management\Migrations\20251219130141_AddUserFields.Designer.cs(187,21): error CS0103: The name 'SqlServerPropertyBuilderExtensions' does not exist in the current context [D:\mess_management\mess_management.csproj]
D:\mess_management\Migrations\20251231174407_AddRefreshTokens.Designer.cs(26,13): error CS0103: The name 'SqlServerModelBuilderExtensions' does not exist in the current context [D:\mess_management\mess_management.csproj]
D:\mess_management\Migrations\20251231174407_AddRefreshTokens.Designer.cs(72,21): error CS0103: The name 'SqlServerPropertyBuilderExtensions' does not exist in the current context [D:\mess_management\mess_management.csproj]
D:\mess_management\Migrations\20251231174407_AddRefreshTokens.Designer.cs(127,21): error CS0103: The name 'SqlServerPropertyBuilderExtensions' does not exist in the current context [D:\mess_management\mess_management.csproj]
D:\mess_management\Migrations\20251231174407_AddRefreshTokens.Designer.cs(162,21): error CS0103: The name 'SqlServerPropertyBuilderExtensions' does not exist in the current context [D:\mess_management\mess_management.csproj]
D:\mess_management\Migrations\20251231174407_AddRefreshTokens.Designer.cs(224,21): error CS0103: The name 'SqlServerPropertyBuilderExtensions' does not exist in the current context [D:\mess_management\mess_management.csproj]
D:\mess_management\Migrations\20251231174407_AddRefreshTokens.Designer.cs(255,21): error CS0103: The name 'SqlServerPropertyBuilderExtensions' does not exist in the current context [D:\mess_management\mess_management.csproj]
D:\mess_management\Migrations\20251231174407_AddRefreshTokens.Designer.cs(295,21): error CS0103: The name 'SqlServerPropertyBuilderExtensions' does not exist in the current context [D:\mess_management\mess_management.csproj]
D:\mess_management\Migrations\20251231174407_AddRefreshTokens.Designer.cs(340,21): error CS0103: The name 'SqlServerPropertyBuilderExtensions' does not exist in the current context [D:\mess_management\mess_management.csproj]
D:\mess_management\Migrations\20251231174407_AddRefreshTokens.Designer.cs(401,21): error CS0103: The name 'SqlServerPropertyBuilderExtensions' does not exist in the current context [D:\mess_management\mess_management.csproj]
D:\mess_management\Migrations\20251231174407_AddRefreshTokens.Designer.cs(441,21): error CS0103: The name 'SqlServerPropertyBuilderExtensions' does not exist in the current context [D:\mess_management\mess_management.csproj]
D:\mess_management\Migrations\20251231174407_AddRefreshTokens.Designer.cs(467,21): error CS0103: The name 'SqlServerPropertyBuilderExtensions' does not exist in the current context [D:\mess_management\mess_management.csproj]
D:\mess_management\Migrations\20251219161747_AddBillingAndPlans.Designer.cs(26,13): error CS0103: The name 'SqlServerModelBuilderExtensions' does not exist in the current context [D:\mess_management\mess_management.csproj]
D:\mess_management\Migrations\20251219161747_AddBillingAndPlans.Designer.cs(72,21): error CS0103: The name 'SqlServerPropertyBuilderExtensions' does not exist in the current context [D:\mess_management\mess_management.csproj]
D:\mess_management\Migrations\20251219161747_AddBillingAndPlans.Designer.cs(122,21): error CS0103: The name 'SqlServerPropertyBuilderExtensions' does not exist in the current context [D:\mess_management\mess_management.csproj]
D:\mess_management\Migrations\20251219161747_AddBillingAndPlans.Designer.cs(156,21): error CS0103: The name 'SqlServerPropertyBuilderExtensions' does not exist in the current context [D:\mess_management\mess_management.csproj]
D:\mess_management\Migrations\20251219161747_AddBillingAndPlans.Designer.cs(218,21): error CS0103: The name 'SqlServerPropertyBuilderExtensions' does not exist in the current context [D:\mess_management\mess_management.csproj]
D:\mess_management\Migrations\20251219161747_AddBillingAndPlans.Designer.cs(248,21): error CS0103: The name 'SqlServerPropertyBuilderExtensions' does not exist in the current context [D:\mess_management\mess_management.csproj]
D:\mess_management\Migrations\20251219161747_AddBillingAndPlans.Designer.cs(293,21): error CS0103: The name 'SqlServerPropertyBuilderExtensions' does not exist in the current context [D:\mess_management\mess_management.csproj]
D:\mess_management\Migrations\20251219161747_AddBillingAndPlans.Designer.cs(344,21): error CS0103: The name 'SqlServerPropertyBuilderExtensions' does not exist in the current context [D:\mess_management\mess_management.csproj]
D:\mess_management\Migrations\20251219161747_AddBillingAndPlans.Designer.cs(381,21): error CS0103: The name 'SqlServerPropertyBuilderExtensions' does not exist in the current context [D:\mess_management\mess_management.csproj]
D:\mess_management\Migrations\20251219161747_AddBillingAndPlans.Designer.cs(407,21): error CS0103: The name 'SqlServerPropertyBuilderExtensions' does not exist in the current context [D:\mess_management\mess_management.csproj]
D:\mess_management\Migrations\20251219170834_AddMealNamesToWeeklyPlanDay.Designer.cs(26,13): error CS0103: The name 'SqlServerModelBuilderExtensions' does not exist in the current context [D:\mess_management\mess_management.csproj]
D:\mess_management\Migrations\20251219170834_AddMealNamesToWeeklyPlanDay.Designer.cs(72,21): error CS0103: The name 'SqlServerPropertyBuilderExtensions' does not exist in the current context [D:\mess_management\mess_management.csproj]
D:\mess_management\Migrations\20251219170834_AddMealNamesToWeeklyPlanDay.Designer.cs(127,21): error CS0103: The name 'SqlServerPropertyBuilderExtensions' does not exist in the current context [D:\mess_management\mess_management.csproj]
D:\mess_management\Migrations\20251219170834_AddMealNamesToWeeklyPlanDay.Designer.cs(162,21): error CS0103: The name 'SqlServerPropertyBuilderExtensions' does not exist in the current context [D:\mess_management\mess_management.csproj]
D:\mess_management\Migrations\20251219170834_AddMealNamesToWeeklyPlanDay.Designer.cs(224,21): error CS0103: The name 'SqlServerPropertyBuilderExtensions' does not exist in the current context [D:\mess_management\mess_management.csproj]
D:\mess_management\Migrations\20251219170834_AddMealNamesToWeeklyPlanDay.Designer.cs(255,21): error CS0103: The name 'SqlServerPropertyBuilderExtensions' does not exist in the current context [D:\mess_management\mess_management.csproj]
D:\mess_management\Migrations\20251219170834_AddMealNamesToWeeklyPlanDay.Designer.cs(300,21): error CS0103: The name 'SqlServerPropertyBuilderExtensions' does not exist in the current context [D:\mess_management\mess_management.csproj]
D:\mess_management\Migrations\20251219170834_AddMealNamesToWeeklyPlanDay.Designer.cs(351,21): error CS0103: The name 'SqlServerPropertyBuilderExtensions' does not exist in the current context [D:\mess_management\mess_management.csproj]
D:\mess_management\Migrations\20251219170834_AddMealNamesToWeeklyPlanDay.Designer.cs(391,21): error CS0103: The name 'SqlServerPropertyBuilderExtensions' does not exist in the current context [D:\mess_management\mess_management.csproj]
D:\mess_management\Migrations\20251219170834_AddMealNamesToWeeklyPlanDay.Designer.cs(417,21): error CS0103: The name 'SqlServerPropertyBuilderExtensions' does not exist in the current context [D:\mess_management\mess_management.csproj]
D:\mess_management\Migrations\20251226211522_AddDisputeFields.Designer.cs(26,13): error CS0103: The name 'SqlServerModelBuilderExtensions' does not exist in the current context [D:\mess_management\mess_management.csproj]
D:\mess_management\Migrations\20251226211522_AddDisputeFields.Designer.cs(72,21): error CS0103: The name 'SqlServerPropertyBuilderExtensions' does not exist in the current context [D:\mess_management\mess_management.csproj]
D:\mess_management\Migrations\20251226211522_AddDisputeFields.Designer.cs(127,21): error CS0103: The name 'SqlServerPropertyBuilderExtensions' does not exist in the current context [D:\mess_management\mess_management.csproj]
D:\mess_management\Migrations\20251226211522_AddDisputeFields.Designer.cs(162,21): error CS0103: The name 'SqlServerPropertyBuilderExtensions' does not exist in the current context [D:\mess_management\mess_management.csproj]
D:\mess_management\Migrations\20251226211522_AddDisputeFields.Designer.cs(224,21): error CS0103: The name 'SqlServerPropertyBuilderExtensions' does not exist in the current context [D:\mess_management\mess_management.csproj]
D:\mess_management\Migrations\20251226211522_AddDisputeFields.Designer.cs(255,21): error CS0103: The name 'SqlServerPropertyBuilderExtensions' does not exist in the current context [D:\mess_management\mess_management.csproj]
D:\mess_management\Migrations\20251226211522_AddDisputeFields.Designer.cs(300,21): error CS0103: The name 'SqlServerPropertyBuilderExtensions' does not exist in the current context [D:\mess_management\mess_management.csproj]
D:\mess_management\Migrations\20251226211522_AddDisputeFields.Designer.cs(361,21): error CS0103: The name 'SqlServerPropertyBuilderExtensions' does not exist in the current context [D:\mess_management\mess_management.csproj]
D:\mess_management\Migrations\20251226211522_AddDisputeFields.Designer.cs(401,21): error CS0103: The name 'SqlServerPropertyBuilderExtensions' does not exist in the current context [D:\mess_management\mess_management.csproj]
D:\mess_management\Migrations\20251226211522_AddDisputeFields.Designer.cs(427,21): error CS0103: The name 'SqlServerPropertyBuilderExtensions' does not exist in the current context [D:\mess_management\mess_management.csproj]
    41 Warning(s)
    58 Error(s)

Time Elapsed 00:00:04.05
